E:\QD\tools\labels-frame\table\table.stp
start data,
order 1234567890xv,
serial number in columns 1-6,card characters binary 39999,
TEMPORARY/99999/,
F=ADF,!DW读小数
di $iobs=$1-6,
di $id=$7-38,
di $age=$39-44,
di $q001=$45-50,
di $q002=$51-56,
di $q003=$57-62,
di $q004=$63-68,
di $q005=$69-74,
di $q006=$75-80,
di $q007=$81-86,
di $q008=$87-92,
di $q009=$93-98,
di $q0010=$99-104,
di $q0011=$105-110,
di $BE2A0101=$111-116,
di $BE2A0102=$117-122,
di $BE2A0103=$123-128,
di $BE2A0104=$129-134,
di $BE2A0105=$135-140,
di $BE2A0106=$141-146,
di $BE2A0107=$147-152,
di $BE2A0201=$153-158,
di $BE2A0202=$159-164,
di $BE2A0203=$165-170,
di $BE2A0204=$171-176,
di $BE2A0205=$177-182,
di $BE2A0206=$183-188,
di $BE2A0207=$189-194,
di $BE2A0301=$195-200,
di $BE2A0302=$201-206,
di $BE2A0303=$207-212,
di $BE2A0304=$213-218,
di $BE2A0305=$219-224,
di $BE2A0306=$225-230,
di $BE2A0307=$231-236,
di $BE3=$237-242,
di $POP1=$243-248,
di $q5d01=$249-254,
di $q5d02=$255-260,
di $q5d03=$261-266,
di $q5d04=$267-272,
di $q5d05=$273-278,
di $q5d06=$279-284,
di $q5d07=$285-290,
di $q5d08=$291-296,
di $NEWS101=$297-302,
di $NEWS102=$303-308,
di $NEWS103=$309-314,
di $NEWS104=$315-320,
di $NEWS105=$321-326,
di $NEWS106=$327-332,
di $GENDER=$333-338,
di $INCOME=$339-344,
di $LOCALRES=$345-350,
di $QMSTA=$351-356,
      om $Q0=$Q001/1-999,
      om $Q0=$Q002/1-999,
      om $Q0=$Q003/1-999,
      om $Q0=$Q004/1-999,
      om $Q0=$Q005/1-999,
      om $Q0=$Q006/1-999,
      om $Q0=$Q007/1-999,
      om $Q0=$Q008/1-999,
      om $Q0=$Q009/1-999,
      om $Q0=$Q0010/1-999,
      om $Q0=$Q0011/1-999,
      om $BE2A01=$BE2A0101/1-999,
      om $BE2A01=$BE2A0102/1-999,
      om $BE2A01=$BE2A0103/1-999,
      om $BE2A01=$BE2A0104/1-999,
      om $BE2A01=$BE2A0105/1-999,
      om $BE2A01=$BE2A0106/1-999,
      om $BE2A01=$BE2A0107/1-999,
      om $BE2A02=$BE2A0201/1-999,
      om $BE2A02=$BE2A0202/1-999,
      om $BE2A02=$BE2A0203/1-999,
      om $BE2A02=$BE2A0204/1-999,
      om $BE2A02=$BE2A0205/1-999,
      om $BE2A02=$BE2A0206/1-999,
      om $BE2A02=$BE2A0207/1-999,
      om $BE2A03=$BE2A0301/1-999,
      om $BE2A03=$BE2A0302/1-999,
      om $BE2A03=$BE2A0303/1-999,
      om $BE2A03=$BE2A0304/1-999,
      om $BE2A03=$BE2A0305/1-999,
      om $BE2A03=$BE2A0306/1-999,
      om $BE2A03=$BE2A0307/1-999,
      om $Q5d=$Q5d01/1-999,
      om $Q5d=$Q5d02/1-999,
      om $Q5d=$Q5d03/1-999,
      om $Q5d=$Q5d04/1-999,
      om $Q5d=$Q5d05/1-999,
      om $Q5d=$Q5d06/1-999,
      om $Q5d=$Q5d07/1-999,
      om $Q5d=$Q5d08/1-999,
      om $NEWS1=$NEWS101/1-999,
      om $NEWS1=$NEWS102/1-999,
      om $NEWS1=$NEWS103/1-999,
      om $NEWS1=$NEWS104/1-999,
      om $NEWS1=$NEWS105/1-999,
      om $NEWS1=$NEWS106/1-999,
dm $tAGE=$AGE/1,2,3,4,5,6,
   r,f,
v $tAGE='
          18 to 24 18-24岁 **
          25 to 29 25-29岁 **
          30 to 34 30-34岁 **
          35 to 39 35-39岁 **
          40 to 44 40-44岁 **
          45 to 50 45-50岁
          **Missing<z>
          **mmmmm<c><S>',
dm $tQ0=$Q0/1,2,3,4,5,6,7,8,9,10,98,
   r,f,
v $tQ0='
          Amusement/ Theme park 大型游乐园/主题乐园  **
          Café 咖啡厅 **
          Cinema 电影院 **
          Theatre 剧院 **
          Museum Museum 博物馆/艺术馆 **
          KTV KTV KTV场所 **
          Gym Gym 健身房 **
          Beach 海滩 **
          Botanic garden 植物园 **
          Aquarium 海洋馆 **
          None of above (EXCLUSIVE) 以上均无 （排他）
          **Missing<z>
          **mmmmm<c><S>',
dm $tBE2A01=$BE2A01/1,2,3,4,5,6,98,
   r,f,
v $tBE2A01='
          Shanghai Disney Resort 上海迪士尼度假区 **
          Happy Valley 欢乐谷 **
          Chimelong Resorts 长隆旅游度假区 （广州、珠海） **
          Fantawild Adventure 方特欢乐世界 **
          Wanda Theme park  万达主题乐园（南昌、西双版纳、合肥、哈尔滨） **
          Shanghai Haichang Ocean Park 上海海昌海洋公园 **
          Never heard of any of these 从来没有听说过以上任何游乐园/主题乐园
          **Missing<z>
          **mmmmm<c><S>',
dm $tBE2A02=$BE2A02/1,2,3,4,5,6,98,
   r,f,
v $tBE2A02='
          Shanghai Disney Resort 上海迪士尼度假区 **
          Happy Valley 欢乐谷 **
          Chimelong Resorts 长隆旅游度假区 （广州、珠海） **
          Fantawild Adventure 方特欢乐世界 **
          Wanda Theme park  万达主题乐园（南昌、西双版纳、合肥、哈尔滨） **
          Shanghai Haichang Ocean Park 上海海昌海洋公园 **
          Never visited any of these  以上皆无
          **Missing<z>
          **mmmmm<c><S>',
dm $tBE2A03=$BE2A03/1,2,3,4,5,6,98,
   r,f,
v $tBE2A03='
          Shanghai Disney Resort 上海迪士尼度假区 **
          Happy Valley 欢乐谷 **
          Chimelong Resorts 长隆旅游度假区 （广州、珠海） **
          Fantawild Adventure 方特欢乐世界 **
          Wanda Theme park  万达主题乐园（南昌、西双版纳、合肥、哈尔滨） **
          Shanghai Haichang Ocean Park 上海海昌海洋公园 **
          Never visited any of these in P12M 过去12个月内都没有去过
          **Missing<z>
          **mmmmm<c><S>',
dm $tBE3=$BE3/1,2,3,4,5,
   r,f,
v $tBE3='
          I would definitely visit it 我一定会去 **
          I am very likely to visit it 我非常有可能去 **
          I possibly would visit it 我可能会去 **
          I am not very likely to visit it 我可能不会去 **
          I would definitely not visit it 我一定不会去
          **Missing<z>
          **mmmmm<c><S>',
dm $tPOP1=$POP1/1,2,3,4,5,98,
   r,f,
v $tPOP1='
          最近1个月内 Within one month **
          1-3个月内 Between 1-3 months **
          3-6个月内 Between 3-6 months **
          6-12个月内 Between 6-12 months **
          12个月以后 In 12 months or later **
          还不确定 Not sure yet
          **Missing<z>
          **mmmmm<c><S>',
dm $tQ5d=$Q5d/1,2,3,4,5,6,99,98,
   r,f,
v $tQ5d='
          Ferris Wheel 摩天轮 **
          Carousel  旋转木马 **
          Soaring 翱翔?飞越地平线 **
          Mine Train 七个小矮人矿山车 **
          Tron 创极速光轮 **
          Pirates 加勒比海盗沉落宝藏之战 **
          Others 其他 （固定在倒数第二） **
          None of above 以上均无（排他）
          **Missing<z>
          **mmmmm<c><S>',
dm $tNEWS1=$NEWS1/1,2,3,4,5,98,
   r,f,
v $tNEWS1='
          New area (Disney.Pixels Toy Story) will open before summer 2018 新园区（迪士尼?皮克斯玩具总动园）将于2018年夏季前开幕 **
          New SS Pass is on sale in March 新一季春夏季卡3月发售 **
          New pricing will be applied in June 2018 2018年6月初将实行新的票价 **
          Half-price campaign on 8th March 3月8日的半价活动 **
          Spring campaign 春季的主题活动 **
          None of above 都不知道 (排他)
          **Missing<z>
          **mmmmm<c><S>',
dm $tGENDER=$GENDER/1,2,
   r,f,
v $tGENDER='
          Male 男性 **
          Female 女性
          **Missing<z>
          **mmmmm<c><S>',
dm $tINCOME=$INCOME/1,2,3,4,5,6,7,8,9,
   r,f,
v $tINCOME='
          Lower than RMB 5,000 人民币5,000元以下 **
          RMB 5,000 to 7,999 人民币5,000-7,999 **
          RMB 8,000 to 9,999 人民币8,000-9,999 **
          RMB 10,000 to 11,999 人民币10,000-11,999 **
          RMB 12,000 to 14,999 人民币12,000-14,999 **
          RMB 15,000 -15999 人民币 15,000-15,999 **
          RMB 16,000-19,999 人民币16,000-19,999 **
          RMB 20,000-24,999 人民币20,000-24,999 **
          RMB 25,000 and above 人民币25,000 或以上
          **Missing<z>
          **mmmmm<c><S>',
dm $tLOCALRES=$LOCALRES/1,2,3,
   r,f,
v $tLOCALRES='
          More than two years 两年以上 **
          One to two years   一到两年    **
          Less than one year一年以下
          **Missing<z>
          **mmmmm<c><S>',
dm $tQMSTA=$QMSTA/1,2,3,4,5,6,7,
   r,f,
v $tQMSTA='
          Single单身 **
          Married with kids已婚 – 有孩子 **
          Married no kids已婚– 没孩子 **
          Divorced / Separated with kids离婚 / 分居– 有孩子 **
          Divorced / Separated no kids离婚 / 分居 -没孩子 **
          Widowed with kids丧偶– 有孩子 **
          Widowed no kids丧偶 -没孩子
          **Missing<z>
          **mmmmm<c><S>',
    ds $bb1=t,
    x  $bb1='Base 1 - All Respondents',
    xt $bb1='Base 1 - All Respondents',
    ds $bb2=$q0/1.$BE2A01/N98,
    x  $bb2='Base 2 - Heard one or more of these',
    xt $bb2='Base 2 - Heard one or more of these',
    ds $bb3=$BE2A01/1,
    x  $bb3='Base 3 - Heard Shanghai Disney Resort',
    xt $bb3='Base 3 - Heard Shanghai Disney Resort',
    ds $bb4=$be3/1..3,
    x  $bb4='Base 4 - T3B',
    xt $bb4='Base 4 - T3B',
    ds $bb5=$BE2A02/1,
    x  $bb5='Base 5 - EVER VISITED Shanghai Disney Resort         ',
    xt $bb5='Base 5 - EVER VISITED Shanghai Disney Resort         ',
VT $TAGE='(AGE)Please type in your age. 请输入您的年龄',
VT $TQ0='(Q0)First of all, we would like to know your leisure time activities. Have you ever been to below places? (MA)首先我们想了解一下您的休闲娱乐情况。请问您休闲时间是否曾经去过以下场所？（复选）',
VT $TBE2A01='(BE2A01)Please select all the brands of theme park you have ever heard of, even if you’re not very familiar with them. 您曾经听说过以下哪些游乐园/主题乐园呢？请选出所有您知道的品牌，即使您并不熟悉这些品牌也不要紧。',
VT $TBE2A02='(BE2A02)Please select all the brands of theme park you have ever VISITED. 请问您曾经去过以下哪些国内的游乐园/主题乐园? ',
VT $TBE2A03='(BE2A03)Please select all the brands of theme park you ever visited in the P12M. 请选出所有您在过去12个月内去过的游乐园/主题乐园。',
VT $TBE3='(BE3)How likely are you to visit Shanghai Disney Resort in the next 12 months when you plan to VISIT AN AMUSEMENT PARK/THEME PARK? 当您在未来12个月内计划去游乐园/主题乐园时，您考虑上海迪士尼度假区的可能性是怎样的?',
VT $TPOP1='(POP1)When do you plan to visit SHDR? 您刚刚提到您会去上海迪士尼度假区，请问您计划什么时候去？（单选）',
VT $TQ5d='(Q5d)You just said you have been to SHDR, please recall which one of below attractions is your favorite? (2 options)您提到曾经去过上海迪士尼度假区，请问您最喜欢以下哪项设施呢？您可以最多选择2个设施。 (最多选两项)',
VT $TNEWS1='(NEWS1)Have you heard of any of below news about SHDR? (MA) 请问您是否在任何地方听说过有关上海迪士尼乐园的以下消息呢？（多选）',
VT $TGENDER='(GENDER)Are you…?(OCO) 请问您的性别是…?(单选)',
VT $TINCOME='(INCOME)Which of these income bands does your gross monthly household income fit into?  By gross, this means before tax, including bonus, salary and allowance, etc.',
VT $TLOCALRES='(LOCALRES)How long have you lived in this city?（OCO） 请问您在本市连续居住了多长时间？（单选）',
VT $TQMSTA='(QMSTA)Which of these statements best applies to you now?(OCO) 请问以下哪一项最适合描述您目前的情况呢？(单选)',
!!HEADER1
dm x $h1=
t:     "Total***(a)",
xt $h1="Header A ",
finish data,
start tables,
%JH='Project Sheet1 * * *',
%TCI='PAGE <&PAG><JR><J+>*TABLE <&TABLEIDENTIFICATION><JL><J+>',
%PTR='总体', %AVG='Mean<d2>', %MED='Median', %RTV='<d1>',  GLOBAL BT#='All Respondents',
F=NWFS,
F=NUPC/NPTC/NPGN/LBR0/UCH/RBL/CLW12/CHG1/RLW25/BAL/PBL/DBL/RHW25/IAT0/IBJ0/IAJ0/IBT12/SHG1/SIG2/PHG1,
F=NBTS/NBCS/NBRS/SPL1000/NFSL,     !!F=PCS/NPCB/LBR1/UCL,     !!Just for e-Tabs
!f = PCB / CAZ '0'/CZP'0'/SLA101/SLB101/NPCS/LPP-1/NRBL/NPRC, !F=DPR2,   ! Percentage
!f = PCB / CAZ '0'/CZP'0'/SLA101/SLB101/NPCS/LPP-1/NRBL/NRTV, !F=DPT2,   ! Frequency
f=NPCS/PRC/RTV/SLA95/SLB101,                                       ! For HK CSV-Transformer
!f=SLA95, !Sig Test;
    if $bb1/nb, then,
      t#AGEA1=$tAGE*$h1,
      bt='value1.All Respondents',
    endif,
    if $bb1/nb, then,
      t#Q0A1=$tQ0*$h1,
      bt='value1.All Respondents',
    endif,
    if $bb1/nb, then,
      t#BE2A01A1=$tBE2A01*$h1,
      bt='value1.All Respondents',
    endif,
    if $bb1/nb, then,
      t#BE2A02A1=$tBE2A02*$h1,
      bt='value1.All Respondents',
    endif,
    if $bb1/nb, then,
      t#BE2A03A1=$tBE2A03*$h1,
      bt='value1.All Respondents',
    endif,
    if $bb1/nb, then,
      t#BE3A1=$tBE3*$h1,
      bt='value1.All Respondents',
    endif,
    if $bb1/nb, then,
      t#POP1A1=$tPOP1*$h1,
      bt='value1.All Respondents',
    endif,
    if $bb1/nb, then,
      t#Q5dA1=$tQ5d*$h1,
      bt='value1.All Respondents',
    endif,
    if $bb1/nb, then,
      t#NEWS1A1=$tNEWS1*$h1,
      bt='value1.All Respondents',
    endif,
    if $bb1/nb, then,
      t#GENDERA1=$tGENDER*$h1,
      bt='value1.All Respondents',
    endif,
    if $bb1/nb, then,
      t#INCOMEA1=$tINCOME*$h1,
      bt='value1.All Respondents',
    endif,
    if $bb1/nb, then,
      t#LOCALRES=$tLOCALRES*$h1,
      bt='value1.All Respondents',
    endif,
    if $bb1/nb, then,
      t#QMSTAA1=$tQMSTA*$h1,
      bt='value1.All Respondents',
    endif,
finish tables,
